ninja: Entering directory `build'
[0/2] Re-checking globbed directories...
[1/317] Building CXX object third_party/whisper.cpp/ggml/src/CMakeFiles/ggml-base.dir/ggml-base_autogen/mocs_compilation.cpp.o
[2/317] Performing build step for 'vulkan-shaders-gen'
ninja: no work to do.
[3/317] Automatic MOC and UIC for target aether_sqlite3
[4/315] Automatic MOC and UIC for target aether-dv-waveform
[5/313] Performing install step for 'vulkan-shaders-gen'
-- Up-to-date: /home/jeremy/agent-worktrees/460f1777/wt-pr5146/build/RelWithDebInfo/vulkan-shaders-gen
[6/313] Automatic MOC and UIC for target aether_libmodem_core
[7/311] Automatic MOC and UIC for target aether_afskdemod
[8/309] Automatic MOC and UIC for target aether_test_wisdom_isolation
[9/308] Building CXX object third_party/whisper.cpp/ggml/src/CMakeFiles/ggml-base.dir/ggml-threading.cpp.o
[10/308] Completed 'vulkan-shaders-gen'
[11/308] Building C object third_party/whisper.cpp/ggml/src/CMakeFiles/ggml-base.dir/ggml-alloc.c.o
[12/308] Automatic MOC and UIC for target icom_civ_scheduler_test
[13/306] Automatic MOC and UIC for target radio_setup_ip_config_presentation_test
[14/304] Automatic MOC and UIC for target icom_meters_test
[15/303] Automatic MOC and UIC for target icom_civ_test
[16/301] Building CXX object third_party/whisper.cpp/ggml/src/CMakeFiles/ggml-base.dir/ggml-backend.cpp.o
[17/301] Building CXX object third_party/whisper.cpp/ggml/src/CMakeFiles/ggml-base.dir/ggml.cpp.o
[18/301] Building CXX object third_party/whisper.cpp/ggml/src/CMakeFiles/ggml-base.dir/gguf.cpp.o
[19/301] Building C object third_party/whisper.cpp/ggml/src/CMakeFiles/ggml-base.dir/ggml-quants.c.o
[20/301] Building CXX object third_party/whisper.cpp/ggml/src/CMakeFiles/ggml-base.dir/ggml-backend-meta.cpp.o
[21/301] Building CXX object third_party/whisper.cpp/ggml/src/CMakeFiles/ggml-base.dir/ggml-opt.cpp.o
[22/301] Automatic MOC and UIC for target aethercore
[23/301] Building CXX object CMakeFiles/icom_meters_test.dir/src/core/backends/icom/IcomModels.cpp.o
[24/301] Linking CXX executable icom_meters_test
[25/301] Building CXX object CMakeFiles/aethercore.dir/src/core/backends/icom/IcomModels.cpp.o
/home/jeremy/agent-worktrees/460f1777/wt-pr5146/src/core/backends/icom/IcomModels.cpp: In function 'const AetherSDR::icom::IcomModelProfile& AetherSDR::icom::profileFor(const IcomModel&)':
/home/jeremy/agent-worktrees/460f1777/wt-pr5146/src/core/backends/icom/IcomModels.cpp:628:5: warning: missing initializer for member 'AetherSDR::icom::IcomModelProfile::bands' [-Wmissing-field-initializers]
  628 |     };
      |     ^
/home/jeremy/agent-worktrees/460f1777/wt-pr5146/src/core/backends/icom/IcomModels.cpp:628:5: warning: missing initializer for member 'AetherSDR::icom::IcomModelProfile::rxAntenna' [-Wmissing-field-initializers]
/home/jeremy/agent-worktrees/460f1777/wt-pr5146/src/core/backends/icom/IcomModels.cpp:628:5: warning: missing initializer for member 'AetherSDR::icom::IcomModelProfile::civRecovery' [-Wmissing-field-initializers]
/home/jeremy/agent-worktrees/460f1777/wt-pr5146/src/core/backends/icom/IcomModels.cpp:628:5: warning: missing initializer for member 'AetherSDR::icom::IcomModelProfile::networkConfiguration' [-Wmissing-field-initializers]
/home/jeremy/agent-worktrees/460f1777/wt-pr5146/src/core/backends/icom/IcomModels.cpp:655:5: warning: missing initializer for member 'AetherSDR::icom::IcomModelProfile::txBandwidth' [-Wmissing-field-initializers]
  655 |     };
      |     ^
/home/jeremy/agent-worktrees/460f1777/wt-pr5146/src/core/backends/icom/IcomModels.cpp:655:5: warning: missing initializer for member 'AetherSDR::icom::IcomModelProfile::cwTextKeyer' [-Wmissing-field-initializers]
/home/jeremy/agent-worktrees/460f1777/wt-pr5146/src/core/backends/icom/IcomModels.cpp:655:5: warning: missing initializer for member 'AetherSDR::icom::IcomModelProfile::rxAntenna' [-Wmissing-field-initializers]
/home/jeremy/agent-worktrees/460f1777/wt-pr5146/src/core/backends/icom/IcomModels.cpp:655:5: warning: missing initializer for member 'AetherSDR::icom::IcomModelProfile::gps' [-Wmissing-field-initializers]
/home/jeremy/agent-worktrees/460f1777/wt-pr5146/src/core/backends/icom/IcomModels.cpp:655:5: warning: missing initializer for member 'AetherSDR::icom::IcomModelProfile::setMenu' [-Wmissing-field-initializers]
/home/jeremy/agent-worktrees/460f1777/wt-pr5146/src/core/backends/icom/IcomModels.cpp:655:5: warning: missing initializer for member 'AetherSDR::icom::IcomModelProfile::attenuatorSteps' [-Wmissing-field-initializers]
/home/jeremy/agent-worktrees/460f1777/wt-pr5146/src/core/backends/icom/IcomModels.cpp:655:5: warning: missing initializer for member 'AetherSDR::icom::IcomModelProfile::modes' [-Wmissing-field-initializers]
/home/jeremy/agent-worktrees/460f1777/wt-pr5146/src/core/backends/icom/IcomModels.cpp:655:5: warning: missing initializer for member 'AetherSDR::icom::IcomModelProfile::receiveOnlyModes' [-Wmissing-field-initializers]
/home/jeremy/agent-worktrees/460f1777/wt-pr5146/src/core/backends/icom/IcomModels.cpp:682:5: warning: missing initializer for member 'AetherSDR::icom::IcomModelProfile::bands' [-Wmissing-field-initializers]
  682 |     };
      |     ^
/home/jeremy/agent-worktrees/460f1777/wt-pr5146/src/core/backends/icom/IcomModels.cpp:682:5: warning: missing initializer for member 'AetherSDR::icom::IcomModelProfile::gps' [-Wmissing-field-initializers]
/home/jeremy/agent-worktrees/460f1777/wt-pr5146/src/core/backends/icom/IcomModels.cpp:682:5: warning: missing initializer for member 'AetherSDR::icom::IcomModelProfile::civRecovery' [-Wmissing-field-initializers]
/home/jeremy/agent-worktrees/460f1777/wt-pr5146/src/core/backends/icom/IcomModels.cpp:682:5: warning: missing initializer for member 'AetherSDR::icom::IcomModelProfile::modes' [-Wmissing-field-initializers]
/home/jeremy/agent-worktrees/460f1777/wt-pr5146/src/core/backends/icom/IcomModels.cpp:682:5: warning: missing initializer for member 'AetherSDR::icom::IcomModelProfile::receiveOnlyModes' [-Wmissing-field-initializers]
/home/jeremy/agent-worktrees/460f1777/wt-pr5146/src/core/backends/icom/IcomModels.cpp:687:5: warning: missing initializer for member 'AetherSDR::icom::IcomModelProfile::bands' [-Wmissing-field-initializers]
  687 |     };
      |     ^
/home/jeremy/agent-worktrees/460f1777/wt-pr5146/src/core/backends/icom/IcomModels.cpp:687:5: warning: missing initializer for member 'AetherSDR::icom::IcomModelProfile::modulation' [-Wmissing-field-initializers]
/home/jeremy/agent-worktrees/460f1777/wt-pr5146/src/core/backends/icom/IcomModels.cpp:687:5: warning: missing initializer for member 'AetherSDR::icom::IcomModelProfile::txBandwidth' [-Wmissing-field-initializers]
/home/jeremy/agent-worktrees/460f1777/wt-pr5146/src/core/backends/icom/IcomModels.cpp:687:5: warning: missing initializer for member 'AetherSDR::icom::IcomModelProfile::fmRepeater' [-Wmissing-field-initializers]
/home/jeremy/agent-worktrees/460f1777/wt-pr5146/src/core/backends/icom/IcomModels.cpp:687:5: warning: missing initializer for member 'AetherSDR::icom::IcomModelProfile::cwTextKeyer' [-Wmissing-field-initializers]
/home/jeremy/agent-worktrees/460f1777/wt-pr5146/src/core/backends/icom/IcomModels.cpp:687:5: warning: missing initializer for member 'AetherSDR::icom::IcomModelProfile::rxAntenna' [-Wmissing-field-initializers]
/home/jeremy/agent-worktrees/460f1777/wt-pr5146/src/core/backends/icom/IcomModels.cpp:687:5: warning: missing initializer for member 'AetherSDR::icom::IcomModelProfile::gps' [-Wmissing-field-initializers]
/home/jeremy/agent-worktrees/460f1777/wt-pr5146/src/core/backends/icom/IcomModels.cpp:687:5: warning: missing initializer for member 'AetherSDR::icom::IcomModelProfile::setMenu' [-Wmissing-field-initializers]
/home/jeremy/agent-worktrees/460f1777/wt-pr5146/src/core/backends/icom/IcomModels.cpp:687:5: warning: missing initializer for member 'AetherSDR::icom::IcomModelProfile::scope' [-Wmissing-field-initializers]
/home/jeremy/agent-worktrees/460f1777/wt-pr5146/src/core/backends/icom/IcomModels.cpp:687:5: warning: missing initializer for member 'AetherSDR::icom::IcomModelProfile::meters' [-Wmissing-field-initializers]
/home/jeremy/agent-worktrees/460f1777/wt-pr5146/src/core/backends/icom/IcomModels.cpp:687:5: warning: missing initializer for member 'AetherSDR::icom::IcomModelProfile::civRecovery' [-Wmissing-field-initializers]
/home/jeremy/agent-worktrees/460f1777/wt-pr5146/src/core/backends/icom/IcomModels.cpp:687:5: warning: missing initializer for member 'AetherSDR::icom::IcomModelProfile::memory' [-Wmissing-field-initializers]
/home/jeremy/agent-worktrees/460f1777/wt-pr5146/src/core/backends/icom/IcomModels.cpp:687:5: warning: missing initializer for member 'AetherSDR::icom::IcomModelProfile::networkConfiguration' [-Wmissing-field-initializers]
/home/jeremy/agent-worktrees/460f1777/wt-pr5146/src/core/backends/icom/IcomModels.cpp:687:5: warning: missing initializer for member 'AetherSDR::icom::IcomModelProfile::preampLabels' [-Wmissing-field-initializers]
/home/jeremy/agent-worktrees/460f1777/wt-pr5146/src/core/backends/icom/IcomModels.cpp:687:5: warning: missing initializer for member 'AetherSDR::icom::IcomModelProfile::attenuatorSteps' [-Wmissing-field-initializers]
/home/jeremy/agent-worktrees/460f1777/wt-pr5146/src/core/backends/icom/IcomModels.cpp:687:5: warning: missing initializer for member 'AetherSDR::icom::IcomModelProfile::modes' [-Wmissing-field-initializers]
/home/jeremy/agent-worktrees/460f1777/wt-pr5146/src/core/backends/icom/IcomModels.cpp:687:5: warning: missing initializer for member 'AetherSDR::icom::IcomModelProfile::receiveOnlyModes' [-Wmissing-field-initializers]
[26/301] Building C object third_party/whisper.cpp/ggml/src/CMakeFiles/ggml-base.dir/ggml.c.o
[27/301] Linking CXX static library third_party/whisper.cpp/ggml/src/libggml-base.a
[28/301] Automatic MOC and UIC for target aetherasr
[29/299] Building CXX object CMakeFiles/aethercore.dir/src/core/backends/flex/FlexBackend.cpp.o
[30/299] Building CXX object CMakeFiles/aethercore.dir/src/core/backends/icom/IcomCivBackend.cpp.o
[31/299] Building CXX object CMakeFiles/aethercore.dir/aethercore_autogen/mocs_compilation.cpp.o
In file included from /home/jeremy/agent-worktrees/460f1777/wt-pr5146/build/aethercore_autogen/PRMOGMWJPH/moc_RadioConnection.cpp:9,
                 from /home/jeremy/agent-worktrees/460f1777/wt-pr5146/build/aethercore_autogen/mocs_compilation.cpp:51:
/home/jeremy/agent-worktrees/460f1777/wt-pr5146/build/aethercore_autogen/PRMOGMWJPH/../../../src/core/RadioConnection.h:27:7: warning: defining 'AetherSDR::RadioConnection', which previously failed to be complete in a SFINAE context [-Wsfinae-incomplete=]
   27 | class RadioConnection : public QObject {
      |       ^~~~~~~~~~~~~~~
In file included from /usr/include/qt6/QtCore/qobject.h:19,
                 from /usr/include/qt6/QtCore/QObject:1,
                 from /home/jeremy/agent-worktrees/460f1777/wt-pr5146/build/aethercore_autogen/PRMOGMWJPH/../../../src/core/AcomConnection.h:4,
                 from /home/jeremy/agent-worktrees/460f1777/wt-pr5146/build/aethercore_autogen/PRMOGMWJPH/moc_AcomConnection.cpp:9,
                 from /home/jeremy/agent-worktrees/460f1777/wt-pr5146/build/aethercore_autogen/mocs_compilation.cpp:2:
/usr/include/qt6/QtCore/qmetatype.h:344:64: note: here.  Use '-Wsfinae-incomplete=2' for a diagnostic at that point
  344 |         static auto check(U *) -> std::integral_constant<bool, sizeof(U) != 0>;
      |                                                                ^~~~~~~~~
In file included from /home/jeremy/agent-worktrees/460f1777/wt-pr5146/build/aethercore_autogen/PRMOGMWJPH/moc_SmartCatSession.cpp:9,
                 from /home/jeremy/agent-worktrees/460f1777/wt-pr5146/build/aethercore_autogen/mocs_compilation.cpp:56:
/home/jeremy/agent-worktrees/460f1777/wt-pr5146/build/aethercore_autogen/PRMOGMWJPH/../../../src/core/SmartCatSession.h:21:7: warning: defining 'AetherSDR::SmartCatSession', which previously failed to be complete in a SFINAE context [-Wsfinae-incomplete=]
   21 | class SmartCatSession : public QObject {
      |       ^~~~~~~~~~~~~~~
/usr/include/qt6/QtCore/qmetatype.h:344:64: note: here.  Use '-Wsfinae-incomplete=2' for a diagnostic at that point
  344 |         static auto check(U *) -> std::integral_constant<bool, sizeof(U) != 0>;
      |                                                                ^~~~~~~~~
In file included from /home/jeremy/agent-worktrees/460f1777/wt-pr5146/build/aethercore_autogen/M4YTXQ7V2H/../../../src/models/RadioModel.h:22,
                 from /home/jeremy/agent-worktrees/460f1777/wt-pr5146/build/aethercore_autogen/M4YTXQ7V2H/moc_RadioModel.cpp:9,
                 from /home/jeremy/agent-worktrees/460f1777/wt-pr5146/build/aethercore_autogen/mocs_compilation.cpp:116:
/home/jeremy/agent-worktrees/460f1777/wt-pr5146/build/aethercore_autogen/M4YTXQ7V2H/../../../src/models/SliceModel.h:15:7: warning: defining 'AetherSDR::SliceModel', which previously failed to be complete in a SFINAE context [-Wsfinae-incomplete=]
   15 | class SliceModel : public QObject {
      |       ^~~~~~~~~~
/usr/include/qt6/QtCore/qmetatype.h:344:64: note: here.  Use '-Wsfinae-incomplete=2' for a diagnostic at that point
  344 |         static auto check(U *) -> std::integral_constant<bool, sizeof(U) != 0>;
      |                                                                ^~~~~~~~~
[32/299] Building CXX object CMakeFiles/aethercore.dir/src/models/RadioModel.cpp.o
[33/299] Linking CXX static library libaethercore.a
[34/299] Automatic MOC and UIC for target icom_power_derivation_test
[35/298] Automatic MOC and UIC for target aetherd_residual_decode_test
[36/297] Automatic MOC and UIC for target icom_ntp_access_test
[37/296] Automatic MOC and UIC for target icom_family_test
[38/295] Automatic MOC and UIC for target hl2_family_transition_test
[39/294] Automatic MOC and UIC for target radio_capability_gating_test
[40/293] Automatic MOC and UIC for target icom_gps_readback_test
[41/293] Automatic MOC and UIC for target aetherdesktop_support
[42/292] Building CXX object CMakeFiles/icom_gps_readback_test.dir/icom_gps_readback_test_autogen/mocs_compilation.cpp.o
[43/292] Building CXX object CMakeFiles/icom_ntp_access_test.dir/tests/icom_ntp_access_test.cpp.o
[44/292] Linking CXX executable aetherd_residual_decode_test
[45/292] Building CXX object CMakeFiles/icom_power_derivation_test.dir/tests/icom_power_derivation_test.cpp.o
[46/292] Building CXX object CMakeFiles/icom_gps_readback_test.dir/tests/icom_gps_readback_test.cpp.o
[47/292] Building CXX object CMakeFiles/icom_family_test.dir/tests/icom_family_test.cpp.o
[48/292] Building CXX object CMakeFiles/radio_capability_gating_test.dir/tests/radio_capability_gating_test.cpp.o
[49/292] Linking CXX executable icom_ntp_access_test
[50/292] Linking CXX executable hl2_family_transition_test
[51/292] Linking CXX executable icom_gps_readback_test
[52/292] Linking CXX executable radio_capability_gating_test
[53/292] Linking CXX executable icom_family_test
[54/292] Linking CXX executable icom_power_derivation_test
[55/292] Building CXX object CMakeFiles/aetherdesktop_support.dir/src/core/AutomationServer.cpp.o
[56/292] Linking CXX static library libaetherdesktop_support.a
[57/292] Automatic MOC and UIC for target AetherSDR
[58/292] Building CXX object CMakeFiles/AetherSDR.dir/src/gui/WindowGeometryRestore.cpp.o
[59/292] Building CXX object CMakeFiles/AetherSDR.dir/src/gui/map/MapDisplayWidget.cpp.o
[60/292] Building CXX object CMakeFiles/AetherSDR.dir/src/gui/MainWindow_Nets.cpp.o
[61/292] Building CXX object CMakeFiles/AetherSDR.dir/src/gui/MainWindow_DspApplets.cpp.o
[62/292] Building CXX object CMakeFiles/AetherSDR.dir/src/gui/map/MapTerminatorItem.cpp.o
[63/292] Building CXX object CMakeFiles/AetherSDR.dir/src/gui/map/MapMarkerItem.cpp.o
[64/292] Building CXX object CMakeFiles/AetherSDR.dir/src/gui/map/MapPathBatchItem.cpp.o
[65/292] Building CXX object CMakeFiles/AetherSDR.dir/src/gui/Contribute.cpp.o
[66/292] Building CXX object CMakeFiles/AetherSDR.dir/src/gui/AudioDeviceChangeDialog.cpp.o
[67/292] Building CXX object CMakeFiles/AetherSDR.dir/src/gui/AgcCalibrationDialog.cpp.o
[68/292] Building CXX object CMakeFiles/AetherSDR.dir/src/gui/PskReporterMapDialog.cpp.o
[69/292] Building CXX object CMakeFiles/AetherSDR.dir/src/gui/MainWindow_Spots.cpp.o
[70/292] Building CXX object CMakeFiles/AetherSDR.dir/src/gui/map/MapMarkerBatchItem.cpp.o
[71/292] Building CXX object CMakeFiles/AetherSDR.dir/src/gui/MainWindow_AetherClock.cpp.o
[72/292] Building CXX object CMakeFiles/AetherSDR.dir/src/gui/MainWindow_Callsign.cpp.o
[73/292] Building CXX object CMakeFiles/AetherSDR.dir/src/gui/MainWindowHelpers.cpp.o
[74/292] Building CXX object CMakeFiles/AetherSDR.dir/src/gui/MainWindow_ReceiveSync.cpp.o
[75/292] Building CXX object CMakeFiles/AetherSDR.dir/src/gui/MainWindow_Wiring.cpp.o
[76/292] Building CXX object CMakeFiles/AetherSDR.dir/src/main.cpp.o
[77/292] Building CXX object CMakeFiles/AetherSDR.dir/src/gui/MainWindow_SwrSweep.cpp.o
[78/292] Building CXX object CMakeFiles/AetherSDR.dir/src/gui/map/GlobeMapView.cpp.o
[79/292] Building CXX object CMakeFiles/AetherSDR.dir/src/gui/MainWindow_KiwiSdr.cpp.o
[80/292] Building CXX object CMakeFiles/AetherSDR.dir/src/gui/MainWindow_Shortcuts.cpp.o
[81/292] Building CXX object CMakeFiles/AetherSDR.dir/src/gui/MainWindow_DigitalModes.cpp.o
[82/292] Building CXX object CMakeFiles/AetherSDR.dir/src/gui/MainWindow_Workspace.cpp.o
[83/292] Building CXX object CMakeFiles/AetherSDR.dir/src/gui/map/MapView.cpp.o
[84/292] Building CXX object CMakeFiles/AetherSDR.dir/src/gui/MainWindow_Session.cpp.o
[85/292] Building CXX object CMakeFiles/AetherSDR.dir/src/gui/MainWindow_Controllers.cpp.o
[86/292] Building CXX object CMakeFiles/AetherSDR.dir/src/gui/SmartMtrConfig.cpp.o
[87/292] Building CXX object CMakeFiles/AetherSDR.dir/src/gui/WaterfallHistoryBuffer.cpp.o
[88/292] Building CXX object CMakeFiles/AetherSDR.dir/src/gui/WfmDeviceDialog.cpp.o
[89/292] Building CXX object CMakeFiles/AetherSDR.dir/src/gui/PanadapterRenderScheduler.cpp.o
[90/292] Building CXX object CMakeFiles/AetherSDR.dir/src/gui/ConnectedStationsDialog.cpp.o
[91/292] Building CXX object CMakeFiles/AetherSDR.dir/src/gui/DssRenderer.cpp.o
[92/292] Building CXX object CMakeFiles/AetherSDR.dir/src/gui/FrequencyEntryParser.cpp.o
[93/292] Building CXX object CMakeFiles/AetherSDR.dir/src/gui/SpectrumWidget.cpp.o
[94/292] Building CXX object CMakeFiles/AetherSDR.dir/src/gui/DStarAccessibility.cpp.o
[95/292] Building CXX object CMakeFiles/AetherSDR.dir/src/gui/PanadapterMessageOverlay.cpp.o
[96/292] Building CXX object CMakeFiles/AetherSDR.dir/src/gui/SliceColorManager.cpp.o
[97/292] Building CXX object CMakeFiles/AetherSDR.dir/src/gui/ClientDisconnectDialog.cpp.o
[98/292] Building CXX object CMakeFiles/AetherSDR.dir/AetherSDR_autogen/mocs_compilation.cpp.o
In file included from /home/jeremy/agent-worktrees/460f1777/wt-pr5146/src/models/RadioModel.h:22,
                 from /home/jeremy/agent-worktrees/460f1777/wt-pr5146/build/AetherSDR_autogen/MXUWEOXILK/../../../src/gui/MainWindow.h:14,
                 from /home/jeremy/agent-worktrees/460f1777/wt-pr5146/build/AetherSDR_autogen/MXUWEOXILK/moc_MainWindow.cpp:9,
                 from /home/jeremy/agent-worktrees/460f1777/wt-pr5146/build/AetherSDR_autogen/mocs_compilation.cpp:87:
/home/jeremy/agent-worktrees/460f1777/wt-pr5146/src/models/SliceModel.h:15:7: warning: defining 'AetherSDR::SliceModel', which previously failed to be complete in a SFINAE context [-Wsfinae-incomplete=]
   15 | class SliceModel : public QObject {
      |       ^~~~~~~~~~
In file included from /usr/include/qt6/QtCore/QMetaType:1,
                 from /home/jeremy/agent-worktrees/460f1777/wt-pr5146/src/core/AcomProtocol.h:8,
                 from /home/jeremy/agent-worktrees/460f1777/wt-pr5146/build/AetherSDR_autogen/MXUWEOXILK/../../../src/gui/AcomApplet.h:3,
                 from /home/jeremy/agent-worktrees/460f1777/wt-pr5146/build/AetherSDR_autogen/MXUWEOXILK/moc_AcomApplet.cpp:9,
                 from /home/jeremy/agent-worktrees/460f1777/wt-pr5146/build/AetherSDR_autogen/mocs_compilation.cpp:2:
/usr/include/qt6/QtCore/qmetatype.h:344:64: note: here.  Use '-Wsfinae-incomplete=2' for a diagnostic at that point
  344 |         static auto check(U *) -> std::integral_constant<bool, sizeof(U) != 0>;
      |                                                                ^~~~~~~~~
[99/292] Building CXX object CMakeFiles/AetherSDR.dir/src/gui/VfoWidget.cpp.o
[100/292] Building CXX object CMakeFiles/AetherSDR.dir/src/gui/SliceLabel.cpp.o
[101/292] Building CXX object CMakeFiles/AetherSDR.dir/src/gui/ConnectionPanel.cpp.o
[102/292] Building CXX object CMakeFiles/AetherSDR.dir/src/gui/SmartMtrWidget.cpp.o
[103/292] Building CXX object CMakeFiles/AetherSDR.dir/src/gui/PropDashboardDialog.cpp.o
[104/292] Building CXX object CMakeFiles/AetherSDR.dir/src/gui/SpectrumOverlayWheelGuard.cpp.o
[105/292] Building CXX object CMakeFiles/AetherSDR.dir/src/gui/SystemInfoDialog.cpp.o
[106/292] Building CXX object CMakeFiles/AetherSDR.dir/src/gui/NetworkDiagnosticsDialog.cpp.o
[107/292] Building CXX object CMakeFiles/AetherSDR.dir/src/gui/MeterViewController.cpp.o
[108/292] Building CXX object CMakeFiles/AetherSDR.dir/src/gui/DStarModemPage.cpp.o
[109/292] Building CXX object CMakeFiles/AetherSDR.dir/src/gui/SpectrumOverlayMenu.cpp.o
[110/292] Building CXX object CMakeFiles/AetherSDR.dir/src/gui/AprsMessagesDialog.cpp.o
[111/292] Building CXX object CMakeFiles/AetherSDR.dir/src/gui/MemoryDialog.cpp.o
[112/292] Building CXX object CMakeFiles/AetherSDR.dir/src/gui/AprsSymbolIcons.cpp.o
[113/292] Building CXX object CMakeFiles/AetherSDR.dir/src/gui/NetSchedulerDialog.cpp.o
[114/292] Building CXX object CMakeFiles/AetherSDR.dir/src/gui/MemoryBrowsePanel.cpp.o
[115/292] Building CXX object CMakeFiles/AetherSDR.dir/src/gui/AetherDspDialog.cpp.o
[116/292] Building CXX object CMakeFiles/AetherSDR.dir/src/gui/RadioSetupDialog.cpp.o
[117/292] Building CXX object CMakeFiles/AetherSDR.dir/src/gui/FlexControlDialog.cpp.o
[118/292] Building CXX object CMakeFiles/AetherSDR.dir/src/gui/SpotSettingsDialog.cpp.o
[119/292] Building CXX object CMakeFiles/AetherSDR.dir/src/gui/DxClusterStartupCommandsDialog.cpp.o
[120/292] Building CXX object CMakeFiles/AetherSDR.dir/src/gui/DragValuePopup.cpp.o
[121/292] Building CXX object CMakeFiles/AetherSDR.dir/src/gui/NetReminderBanner.cpp.o
[122/292] Building CXX object CMakeFiles/AetherSDR.dir/src/gui/WaveformsDialog.cpp.o
[123/292] Building CXX object CMakeFiles/AetherSDR.dir/src/gui/BandStackPanel.cpp.o
[124/292] Building CXX object CMakeFiles/AetherSDR.dir/src/gui/AetherDspWidget.cpp.o
[125/292] Building CXX object CMakeFiles/AetherSDR.dir/src/gui/Ax25HfPacketDecodeDialog.cpp.o
[126/292] Building CXX object CMakeFiles/AetherSDR.dir/src/gui/CwxPanel.cpp.o
[127/292] Building CXX object CMakeFiles/AetherSDR.dir/src/gui/MemoryCommands.cpp.o
[128/292] Building CXX object CMakeFiles/AetherSDR.dir/src/gui/CallsignCard.cpp.o
[129/292] Building CXX object CMakeFiles/AetherSDR.dir/src/gui/AcomApplet.cpp.o
[130/292] Building CXX object CMakeFiles/AetherSDR.dir/src/gui/FramelessWindowTitleBar.cpp.o
[131/292] Building CXX object CMakeFiles/AetherSDR.dir/src/gui/ClientRxDspApplet.cpp.o
[132/292] Building CXX object CMakeFiles/AetherSDR.dir/src/gui/CallsignLookupDialog.cpp.o
[133/292] Building CXX object CMakeFiles/AetherSDR.dir/src/gui/PanFloatingWindow.cpp.o
[134/292] Building CXX object CMakeFiles/AetherSDR.dir/src/gui/DspParamPopup.cpp.o
[135/292] Building CXX object CMakeFiles/AetherSDR.dir/src/gui/LpMeterApplet.cpp.o
[136/292] Building CXX object CMakeFiles/AetherSDR.dir/src/gui/AmpApplet.cpp.o
[137/292] Building CXX object CMakeFiles/AetherSDR.dir/src/gui/DvkPanel.cpp.o
[138/292] Building CXX object CMakeFiles/AetherSDR.dir/src/gui/MeterApplet.cpp.o
[139/292] Building CXX object CMakeFiles/AetherSDR.dir/src/gui/ProfileSwitcherApplet.cpp.o
[140/292] Building CXX object CMakeFiles/AetherSDR.dir/src/gui/FramelessResizer.cpp.o
[141/292] Building CXX object CMakeFiles/AetherSDR.dir/src/gui/VkampApplet.cpp.o
[142/292] Building CXX object CMakeFiles/AetherSDR.dir/src/gui/SpeApplet.cpp.o
[143/292] Building CXX object CMakeFiles/AetherSDR.dir/src/gui/HealthApplet.cpp.o
[144/292] Building CXX object CMakeFiles/AetherSDR.dir/src/gui/RangeSlider.cpp.o
[145/292] Building CXX object CMakeFiles/AetherSDR.dir/src/gui/RadeApplet.cpp.o
[146/292] Building CXX object CMakeFiles/AetherSDR.dir/src/gui/PersistentDialog.cpp.o
[147/292] Building CXX object CMakeFiles/AetherSDR.dir/src/gui/RadioSwrValidityFilter.cpp.o
[148/292] Building CXX object CMakeFiles/AetherSDR.dir/src/gui/FramelessMessageBox.cpp.o
[149/292] Building CXX object CMakeFiles/AetherSDR.dir/src/gui/TxBandDialog.cpp.o
[150/292] Building CXX object CMakeFiles/AetherSDR.dir/src/gui/KiwiPublicReceiverPicker.cpp.o
[151/292] Building CXX object CMakeFiles/AetherSDR.dir/src/gui/PanadapterStack.cpp.o
[152/292] Building CXX object CMakeFiles/AetherSDR.dir/src/gui/DxClusterDialog.cpp.o
[153/292] Building CXX object CMakeFiles/AetherSDR.dir/src/gui/MiniPanScope.cpp.o
[154/292] Building CXX object CMakeFiles/AetherSDR.dir/src/gui/AdaptiveFilterControls.cpp.o
[155/292] Building CXX object CMakeFiles/AetherSDR.dir/src/gui/PanLayoutDialog.cpp.o
[156/292] Building CXX object CMakeFiles/AetherSDR.dir/src/gui/KiwiSdrApplet.cpp.o
[157/292] Building CXX object CMakeFiles/AetherSDR.dir/src/gui/MiniPanApplet.cpp.o
[158/292] Building CXX object CMakeFiles/AetherSDR.dir/src/gui/AnalogMeterFaceTheme.cpp.o
[159/292] Building CXX object CMakeFiles/AetherSDR.dir/src/gui/CrossNeedleMeterWidget.cpp.o
[160/292] Building CXX object CMakeFiles/AetherSDR.dir/src/gui/SettingsBrowserDialog.cpp.o
[161/292] Building CXX object CMakeFiles/AetherSDR.dir/src/gui/FilterPassbandWidget.cpp.o
[162/292] Building CXX object CMakeFiles/AetherSDR.dir/src/gui/FavoritesPickerDialog.cpp.o
[163/292] Building CXX object CMakeFiles/AetherSDR.dir/src/gui/ProfileManagerDialog.cpp.o
[164/292] Building CXX object CMakeFiles/AetherSDR.dir/src/gui/SMeterWidget.cpp.o
[165/292] Building CXX object CMakeFiles/AetherSDR.dir/src/gui/ProfileImportExportDialog.cpp.o
[166/292] Building CXX object CMakeFiles/AetherSDR.dir/src/gui/PanadapterApplet.cpp.o
[167/292] Building CXX object CMakeFiles/AetherSDR.dir/src/gui/AppletPanel.cpp.o
[168/292] Building CXX object CMakeFiles/AetherSDR.dir/src/gui/CrossNeedleMeterGeometry.cpp.o
[169/292] Building CXX object CMakeFiles/AetherSDR.dir/src/gui/TunerApplet.cpp.o
[170/292] Building CXX object CMakeFiles/AetherSDR.dir/src/gui/RxApplet.cpp.o
[171/292] Building CXX object CMakeFiles/AetherSDR.dir/src/gui/TxApplet.cpp.o
[172/292] Building CXX object CMakeFiles/AetherSDR.dir/src/gui/SMeterGeometry.cpp.o
[173/292] Building CXX object CMakeFiles/AetherSDR.dir/src/gui/AtuPreTuneDialog.cpp.o
[174/292] Building CXX object CMakeFiles/AetherSDR.dir/src/gui/CrossNeedleMeterApplet.cpp.o
[175/292] Building CXX object CMakeFiles/AetherSDR.dir/src/gui/ClientEqFftAnalyzer.cpp.o
[176/292] Building CXX object CMakeFiles/AetherSDR.dir/src/gui/SwrSweepLicenseDialog.cpp.o
[177/292] Building CXX object CMakeFiles/AetherSDR.dir/src/gui/VuMeterSettings.cpp.o
[178/292] Building CXX object CMakeFiles/AetherSDR.dir/src/gui/WaveformScopeModel.cpp.o
[179/292] Building CXX object CMakeFiles/AetherSDR.dir/src/gui/ClientLevelMeter.cpp.o
[180/292] Building CXX object CMakeFiles/AetherSDR.dir/src/gui/AetherClockApplet.cpp.o
[181/292] Building CXX object CMakeFiles/AetherSDR.dir/src/gui/CrossNeedleMeterSettings.cpp.o
[182/292] Building CXX object CMakeFiles/AetherSDR.dir/src/gui/ClientEqApplet.cpp.o
[183/292] Building CXX object CMakeFiles/AetherSDR.dir/src/gui/ClientEqCurveWidget.cpp.o
[184/292] Building CXX object CMakeFiles/AetherSDR.dir/src/gui/EqApplet.cpp.o
[185/292] Building CXX object CMakeFiles/AetherSDR.dir/src/gui/WaveApplet.cpp.o
[186/292] Building CXX object CMakeFiles/AetherSDR.dir/src/gui/PhoneApplet.cpp.o
[187/292] Building CXX object CMakeFiles/AetherSDR.dir/src/gui/ClockAlignmentWidget.cpp.o
[188/292] Building CXX object CMakeFiles/AetherSDR.dir/src/gui/WaveformWidget.cpp.o
[189/292] Building CXX object CMakeFiles/AetherSDR.dir/src/gui/PhoneCwApplet.cpp.o
[190/292] Building CXX object CMakeFiles/AetherSDR.dir/src/gui/StripRxChainWidget.cpp.o
[191/292] Building CXX object CMakeFiles/AetherSDR.dir/src/gui/ClientEqIconRow.cpp.o
[192/292] Building CXX object CMakeFiles/AetherSDR.dir/src/gui/ClientEqOutputFader.cpp.o
[193/292] Building CXX object CMakeFiles/AetherSDR.dir/src/gui/ClientEqParamRow.cpp.o
[194/292] Building CXX object CMakeFiles/AetherSDR.dir/src/gui/ClientRxChainWidget.cpp.o
[195/292] Building CXX object CMakeFiles/AetherSDR.dir/src/gui/ClientEqEditorCanvas.cpp.o
[196/292] Building CXX object CMakeFiles/AetherSDR.dir/src/gui/containers/ContainerManager.cpp.o
[197/292] Building CXX object CMakeFiles/AetherSDR.dir/src/gui/workspace/CanvasInteraction.cpp.o
[198/292] Building CXX object CMakeFiles/AetherSDR.dir/src/gui/ClientEqEditor.cpp.o
[199/292] Building CXX object CMakeFiles/AetherSDR.dir/src/gui/containers/ContainerTitleBar.cpp.o
[200/292] Building CXX object CMakeFiles/AetherSDR.dir/src/gui/ClientChainWidget.cpp.o
[201/292] Building CXX object CMakeFiles/AetherSDR.dir/src/gui/StripEqPanel.cpp.o
[202/292] Building CXX object CMakeFiles/AetherSDR.dir/src/gui/containers/FloatingContainerWindow.cpp.o
[203/292] Building CXX object CMakeFiles/AetherSDR.dir/src/gui/workspace/WorkspaceGeometry.cpp.o
[204/292] Building CXX object CMakeFiles/AetherSDR.dir/src/gui/ClientChainApplet.cpp.o
[205/292] Building CXX object CMakeFiles/AetherSDR.dir/src/gui/StripChainWidget.cpp.o
[206/292] Building CXX object CMakeFiles/AetherSDR.dir/src/gui/workspace/CanvasLayout.cpp.o
[207/292] Building CXX object CMakeFiles/AetherSDR.dir/src/gui/workspace/ClassicLayout.cpp.o
[208/292] Building CXX object CMakeFiles/AetherSDR.dir/src/gui/containers/ContainerWidget.cpp.o
[209/292] Building CXX object CMakeFiles/AetherSDR.dir/src/gui/workspace/WorkspaceStore.cpp.o
[210/292] Building CXX object CMakeFiles/AetherSDR.dir/src/gui/workspace/WorkspaceController.cpp.o
[211/292] Building CXX object CMakeFiles/AetherSDR.dir/src/gui/workspace/WorkspaceCanvas.cpp.o
[212/292] Building CXX object CMakeFiles/AetherSDR.dir/src/gui/StripRxOutputPanel.cpp.o
[213/292] Building CXX object CMakeFiles/AetherSDR.dir/src/gui/workspace/WorkspaceDocument.cpp.o
[214/292] Building CXX object CMakeFiles/AetherSDR.dir/src/gui/workspace/WorkspaceMigration.cpp.o
[215/292] Building CXX object CMakeFiles/AetherSDR.dir/src/gui/EditorFramelessTitleBar.cpp.o
[216/292] Building CXX object CMakeFiles/AetherSDR.dir/src/gui/workspace/CanvasItemFrame.cpp.o
[217/292] Building CXX object CMakeFiles/AetherSDR.dir/src/gui/ClientGateApplet.cpp.o
[218/292] Building CXX object CMakeFiles/AetherSDR.dir/src/gui/workspace/WorkspaceWindow.cpp.o
[219/292] Building CXX object CMakeFiles/AetherSDR.dir/src/gui/ClientCompKnob.cpp.o
[220/292] Building CXX object CMakeFiles/AetherSDR.dir/src/gui/ClientDeEssCurveWidget.cpp.o
[221/292] Building CXX object CMakeFiles/AetherSDR.dir/src/gui/DemoApplet.cpp.o
[222/292] Building CXX object CMakeFiles/AetherSDR.dir/src/gui/ClientGateCurveWidget.cpp.o
[223/292] Building CXX object CMakeFiles/AetherSDR.dir/src/gui/ClientReverbApplet.cpp.o
[224/292] Building CXX object CMakeFiles/AetherSDR.dir/src/gui/ClientCompCurveWidget.cpp.o
[225/292] Building CXX object CMakeFiles/AetherSDR.dir/src/gui/ClientCompApplet.cpp.o
[226/292] Building CXX object CMakeFiles/AetherSDR.dir/src/gui/StripGatePanel.cpp.o
[227/292] Building CXX object CMakeFiles/AetherSDR.dir/src/gui/ClientTubeApplet.cpp.o
[228/292] Building CXX object CMakeFiles/AetherSDR.dir/src/gui/ClientPuduApplet.cpp.o
[229/292] Building CXX object CMakeFiles/AetherSDR.dir/src/gui/ClientGateEditor.cpp.o
[230/292] Building CXX object CMakeFiles/AetherSDR.dir/src/gui/ClientGateLevelView.cpp.o
[231/292] Building CXX object CMakeFiles/AetherSDR.dir/src/gui/StripDeEssPanel.cpp.o
[232/292] Building CXX object CMakeFiles/AetherSDR.dir/src/gui/StripTubePanel.cpp.o
[233/292] Building CXX object CMakeFiles/AetherSDR.dir/src/gui/ClientCompEditorCanvas.cpp.o
[234/292] Building CXX object CMakeFiles/AetherSDR.dir/src/gui/StripFinalOutputPanel.cpp.o
[235/292] Building CXX object CMakeFiles/AetherSDR.dir/src/gui/ClientCompEditor.cpp.o
[236/292] Building CXX object CMakeFiles/AetherSDR.dir/src/gui/ClientDeEssApplet.cpp.o
[237/292] Building CXX object CMakeFiles/AetherSDR.dir/src/gui/ClientTubeCurveWidget.cpp.o
[238/292] Building CXX object CMakeFiles/AetherSDR.dir/src/gui/StripPuduPanel.cpp.o
[239/292] Building CXX object CMakeFiles/AetherSDR.dir/src/gui/ClientCompMeter.cpp.o
[240/292] Building CXX object CMakeFiles/AetherSDR.dir/src/gui/AetherialAudioStrip.cpp.o
[241/292] Building CXX object CMakeFiles/AetherSDR.dir/src/gui/ClientTubeEditor.cpp.o
[242/292] Building CXX object CMakeFiles/AetherSDR.dir/src/gui/DaxApplet.cpp.o
[243/292] Building CXX object CMakeFiles/AetherSDR.dir/src/gui/ClientCompLimiterButton.cpp.o
[244/292] Building CXX object CMakeFiles/AetherSDR.dir/src/gui/StripCompPanel.cpp.o
[245/292] Building CXX object CMakeFiles/AetherSDR.dir/src/gui/StripReverbPanel.cpp.o
[246/292] Building CXX object CMakeFiles/AetherSDR.dir/src/gui/PooDooLogo.cpp.o
[247/292] Building CXX object CMakeFiles/AetherSDR.dir/src/gui/StripWaveformPanel.cpp.o
[248/292] Building CXX object CMakeFiles/AetherSDR.dir/src/gui/TitleBar.cpp.o
[249/292] Building CXX object CMakeFiles/AetherSDR.dir/src/gui/ClientCompThresholdFader.cpp.o
[250/292] Building CXX object CMakeFiles/AetherSDR.dir/src/gui/ClientPuduEditor.cpp.o
[251/292] Building CXX object CMakeFiles/AetherSDR.dir/src/gui/DaxIqApplet.cpp.o
[252/292] Building CXX object CMakeFiles/AetherSDR.dir/src/gui/GreenHeronApplet.cpp.o
[253/292] Building CXX object CMakeFiles/AetherSDR.dir/src/gui/CatControlApplet.cpp.o
[254/292] Building CXX object CMakeFiles/AetherSDR.dir/src/gui/MqttApplet.cpp.o
[255/292] Building CXX object CMakeFiles/AetherSDR.dir/src/gui/MqttSettingsDialog.cpp.o
[256/292] Building CXX object CMakeFiles/AetherSDR.dir/build/.qt/rcc/qrc_aether_shaders.cpp.o
[257/292] Building CXX object CMakeFiles/AetherSDR.dir/build/.qt/rcc/qrc_aether_shaders_glsl130.cpp.o
[258/292] Building CXX object CMakeFiles/AetherSDR.dir/src/gui/PhaseKnob.cpp.o
[259/292] Building CXX object CMakeFiles/AetherSDR.dir/src/gui/TciApplet.cpp.o
[260/292] Building CXX object CMakeFiles/AetherSDR.dir/src/gui/ShackSwitchApplet.cpp.o
[261/292] Building CXX object CMakeFiles/AetherSDR.dir/src/gui/MeterSlider.cpp.o
[262/292] Building CXX object CMakeFiles/AetherSDR.dir/src/gui/HelpDialog.cpp.o
[263/292] Building CXX object CMakeFiles/AetherSDR.dir/src/gui/KeyboardMapWidget.cpp.o
[264/292] Building CXX object CMakeFiles/AetherSDR.dir/src/gui/ShortcutDialog.cpp.o
[265/292] Building CXX object CMakeFiles/AetherSDR.dir/src/gui/WhatsNewDialog.cpp.o
[266/292] Building CXX object CMakeFiles/AetherSDR.dir/src/gui/AntennaGeniusApplet.cpp.o
[267/292] Building CXX object CMakeFiles/AetherSDR.dir/src/gui/CopyAssistSettings.cpp.o
[268/292] Building CXX object CMakeFiles/AetherSDR.dir/src/gui/TokenEditorWidget.cpp.o
[269/292] Building CXX object CMakeFiles/AetherSDR.dir/src/gui/MultiFlexDialog.cpp.o
[270/292] Building CXX object CMakeFiles/AetherSDR.dir/src/gui/AsrAudioTap.cpp.o
[271/292] Building CXX object CMakeFiles/AetherSDR.dir/src/gui/SliceTroubleshootingDialog.cpp.o
[272/292] Building CXX object CMakeFiles/AetherSDR.dir/src/gui/SupportDialog.cpp.o
[273/292] Building CXX object CMakeFiles/AetherSDR.dir/src/gui/FreeDvReporterModel.cpp.o
[274/292] Building CXX object CMakeFiles/AetherSDR.dir/src/gui/GradientEditorDialog.cpp.o
[275/292] Building CXX object CMakeFiles/AetherSDR.dir/src/gui/RadioHealthDialog.cpp.o
[276/292] Building CXX object CMakeFiles/AetherSDR.dir/src/gui/ThemeInspector.cpp.o
[277/292] Building CXX object CMakeFiles/AetherSDR.dir/src/gui/ThemeEditorDialog.cpp.o
[278/292] Building CXX object CMakeFiles/AetherSDR.dir/src/gui/CopyAssistPanel.cpp.o
[279/292] Building CXX object CMakeFiles/AetherSDR.dir/src/gui/CompactColorPicker.cpp.o
[280/292] Building CXX object CMakeFiles/AetherSDR.dir/src/gui/CopyAssistSettingsDialog.cpp.o
[281/292] Building CXX object CMakeFiles/AetherSDR.dir/src/gui/CopyAssistController.cpp.o
[282/292] Building CXX object CMakeFiles/AetherSDR.dir/src/gui/ImageFileDialog.cpp.o
[283/292] Building CXX object CMakeFiles/AetherSDR.dir/src/gui/UlanziDialMapperDialog.cpp.o
[284/292] Building CXX object CMakeFiles/AetherSDR.dir/src/gui/FreeDvReporterDialog.cpp.o
[285/292] Building CXX object CMakeFiles/AetherSDR.dir/src/gui/RC28MappingDialog.cpp.o
[286/292] Building CXX object CMakeFiles/AetherSDR.dir/src/gui/MidiMappingDialog.cpp.o
[287/292] Building CXX object CMakeFiles/AetherSDR.dir/qrc_resources.cpp.o
[288/292] Building CXX object CMakeFiles/AetherSDR.dir/src/gui/GpsLocationDialog.cpp.o
[289/292] Building CXX object CMakeFiles/AetherSDR.dir/src/gui/MainWindow_Menus.cpp.o
[290/292] Building CXX object CMakeFiles/AetherSDR.dir/src/gui/MainWindow.cpp.o
[291/292] Linking CXX executable AetherSDR; Copying DeepFilterNet3 model to build directory
